node:internal/modules/cjs/loader:1137
  throw err;
  ^

Error: Cannot find module '@/controllers/testController'
Require stack:
- /home/muhammad-ahmad/Nexus-AI-Workspace/backend/dist/api/test.js
- /home/muhammad-ahmad/Nexus-AI-Workspace/backend/dist/index.js
    at Module._resolveFilename (node:internal/modules/cjs/loader:1134:15)
    at Module._load (node:internal/modules/cjs/loader:975:27)
    at Module.require (node:internal/modules/cjs/loader:1225:19)
    at require (node:internal/modules/helpers:177:18)
    at Object.<anonymous> (/home/muhammad-ahmad/Nexus-AI-Workspace/backend/dist/api/test.js:6:26)
    at Module._compile (node:internal/modules/cjs/loader:1356:14)
    at Module._extensions..js (node:internal/modules/cjs/loader:1414:10)
    at Module.load (node:internal/modules/cjs/loader:1197:32)
    at Module._load (node:internal/modules/cjs/loader:1013:12)
    at Module.require (node:internal/modules/cjs/loader:1225:19) {
  code: 'MODULE_NOT_FOUND',
  requireStack: [
    '/home/muhammad-ahmad/Nexus-AI-Workspace/backend/dist/api/test.js',
    '/home/muhammad-ahmad/Nexus-AI-Workspace/backend/dist/index.js'
  ]
}

Node.js v18.19.1
Application exited with error code 1
node:internal/modules/cjs/loader:1137
  throw err;
  ^

Error: Cannot find module '@/controllers/testController'
Require stack:
- /home/muhammad-ahmad/Nexus-AI-Workspace/backend/dist/api/test.js
- /home/muhammad-ahmad/Nexus-AI-Workspace/backend/dist/index.js
    at Module._resolveFilename (node:internal/modules/cjs/loader:1134:15)
    at Module._load (node:internal/modules/cjs/loader:975:27)
    at Module.require (node:internal/modules/cjs/loader:1225:19)
    at require (node:internal/modules/helpers:177:18)
    at Object.<anonymous> (/home/muhammad-ahmad/Nexus-AI-Workspace/backend/dist/api/test.js:6:26)
    at Module._compile (node:internal/modules/cjs/loader:1356:14)
    at Module._extensions..js (node:internal/modules/cjs/loader:1414:10)
    at Module.load (node:internal/modules/cjs/loader:1197:32)
    at Module._load (node:internal/modules/cjs/loader:1013:12)
    at Module.require (node:internal/modules/cjs/loader:1225:19) {
  code: 'MODULE_NOT_FOUND',
  requireStack: [
    '/home/muhammad-ahmad/Nexus-AI-Workspace/backend/dist/api/test.js',
    '/home/muhammad-ahmad/Nexus-AI-Workspace/backend/dist/index.js'
  ]
}

Node.js v18.19.1
Application exited with error code 1
node:internal/modules/cjs/loader:1137
  throw err;
  ^

Error: Cannot find module '@/controllers/testController'
Require stack:
- /home/muhammad-ahmad/Nexus-AI-Workspace/backend/dist/api/test.js
- /home/muhammad-ahmad/Nexus-AI-Workspace/backend/dist/index.js
    at Module._resolveFilename (node:internal/modules/cjs/loader:1134:15)
    at Module._load (node:internal/modules/cjs/loader:975:27)
    at Module.require (node:internal/modules/cjs/loader:1225:19)
    at require (node:internal/modules/helpers:177:18)
    at Object.<anonymous> (/home/muhammad-ahmad/Nexus-AI-Workspace/backend/dist/api/test.js:6:26)
    at Module._compile (node:internal/modules/cjs/loader:1356:14)
    at Module._extensions..js (node:internal/modules/cjs/loader:1414:10)
    at Module.load (node:internal/modules/cjs/loader:1197:32)
    at Module._load (node:internal/modules/cjs/loader:1013:12)
    at Module.require (node:internal/modules/cjs/loader:1225:19) {
  code: 'MODULE_NOT_FOUND',
  requireStack: [
    '/home/muhammad-ahmad/Nexus-AI-Workspace/backend/dist/api/test.js',
    '/home/muhammad-ahmad/Nexus-AI-Workspace/backend/dist/index.js'
  ]
}

Node.js v18.19.1
Application exited with error code 1
node:internal/modules/cjs/loader:1137
  throw err;
  ^

Error: Cannot find module '@/controllers/testController'
Require stack:
- /home/muhammad-ahmad/Nexus-AI-Workspace/backend/dist/api/test.js
- /home/muhammad-ahmad/Nexus-AI-Workspace/backend/dist/index.js
    at Module._resolveFilename (node:internal/modules/cjs/loader:1134:15)
    at Module._load (node:internal/modules/cjs/loader:975:27)
    at Module.require (node:internal/modules/cjs/loader:1225:19)
    at require (node:internal/modules/helpers:177:18)
    at Object.<anonymous> (/home/muhammad-ahmad/Nexus-AI-Workspace/backend/dist/api/test.js:6:26)
    at Module._compile (node:internal/modules/cjs/loader:1356:14)
    at Module._extensions..js (node:internal/modules/cjs/loader:1414:10)
    at Module.load (node:internal/modules/cjs/loader:1197:32)
    at Module._load (node:internal/modules/cjs/loader:1013:12)
    at Module.require (node:internal/modules/cjs/loader:1225:19) {
  code: 'MODULE_NOT_FOUND',
  requireStack: [
    '/home/muhammad-ahmad/Nexus-AI-Workspace/backend/dist/api/test.js',
    '/home/muhammad-ahmad/Nexus-AI-Workspace/backend/dist/index.js'
  ]
}

Node.js v18.19.1
Application exited with error code 1
node:internal/modules/cjs/loader:1137
  throw err;
  ^

Error: Cannot find module '@/controllers/testController'
Require stack:
- /home/muhammad-ahmad/Nexus-AI-Workspace/backend/dist/api/test.js
- /home/muhammad-ahmad/Nexus-AI-Workspace/backend/dist/index.js
    at Module._resolveFilename (node:internal/modules/cjs/loader:1134:15)
    at Module._load (node:internal/modules/cjs/loader:975:27)
    at Module.require (node:internal/modules/cjs/loader:1225:19)
    at require (node:internal/modules/helpers:177:18)
    at Object.<anonymous> (/home/muhammad-ahmad/Nexus-AI-Workspace/backend/dist/api/test.js:6:26)
    at Module._compile (node:internal/modules/cjs/loader:1356:14)
    at Module._extensions..js (node:internal/modules/cjs/loader:1414:10)
    at Module.load (node:internal/modules/cjs/loader:1197:32)
    at Module._load (node:internal/modules/cjs/loader:1013:12)
    at Module.require (node:internal/modules/cjs/loader:1225:19) {
  code: 'MODULE_NOT_FOUND',
  requireStack: [
    '/home/muhammad-ahmad/Nexus-AI-Workspace/backend/dist/api/test.js',
    '/home/muhammad-ahmad/Nexus-AI-Workspace/backend/dist/index.js'
  ]
}

Node.js v18.19.1
Application exited with error code 1
node:internal/modules/cjs/loader:1137
  throw err;
  ^

Error: Cannot find module '@/controllers/testController'
Require stack:
- /home/muhammad-ahmad/Nexus-AI-Workspace/backend/dist/api/test.js
- /home/muhammad-ahmad/Nexus-AI-Workspace/backend/dist/index.js
    at Module._resolveFilename (node:internal/modules/cjs/loader:1134:15)
    at Module._load (node:internal/modules/cjs/loader:975:27)
    at Module.require (node:internal/modules/cjs/loader:1225:19)
    at require (node:internal/modules/helpers:177:18)
    at Object.<anonymous> (/home/muhammad-ahmad/Nexus-AI-Workspace/backend/dist/api/test.js:6:26)
    at Module._compile (node:internal/modules/cjs/loader:1356:14)
    at Module._extensions..js (node:internal/modules/cjs/loader:1414:10)
    at Module.load (node:internal/modules/cjs/loader:1197:32)
    at Module._load (node:internal/modules/cjs/loader:1013:12)
    at Module.require (node:internal/modules/cjs/loader:1225:19) {
  code: 'MODULE_NOT_FOUND',
  requireStack: [
    '/home/muhammad-ahmad/Nexus-AI-Workspace/backend/dist/api/test.js',
    '/home/muhammad-ahmad/Nexus-AI-Workspace/backend/dist/index.js'
  ]
}

Node.js v18.19.1
Application exited with error code 1
node:internal/modules/cjs/loader:1137
  throw err;
  ^

Error: Cannot find module '@/controllers/testController'
Require stack:
- /home/muhammad-ahmad/Nexus-AI-Workspace/backend/dist/api/test.js
- /home/muhammad-ahmad/Nexus-AI-Workspace/backend/dist/index.js
    at Module._resolveFilename (node:internal/modules/cjs/loader:1134:15)
    at Module._load (node:internal/modules/cjs/loader:975:27)
    at Module.require (node:internal/modules/cjs/loader:1225:19)
    at require (node:internal/modules/helpers:177:18)
    at Object.<anonymous> (/home/muhammad-ahmad/Nexus-AI-Workspace/backend/dist/api/test.js:6:26)
    at Module._compile (node:internal/modules/cjs/loader:1356:14)
    at Module._extensions..js (node:internal/modules/cjs/loader:1414:10)
    at Module.load (node:internal/modules/cjs/loader:1197:32)
    at Module._load (node:internal/modules/cjs/loader:1013:12)
    at Module.require (node:internal/modules/cjs/loader:1225:19) {
  code: 'MODULE_NOT_FOUND',
  requireStack: [
    '/home/muhammad-ahmad/Nexus-AI-Workspace/backend/dist/api/test.js',
    '/home/muhammad-ahmad/Nexus-AI-Workspace/backend/dist/index.js'
  ]
}

Node.js v18.19.1
Application exited with error code 1
node:internal/modules/cjs/loader:1137
  throw err;
  ^

Error: Cannot find module '@/controllers/testController'
Require stack:
- /home/muhammad-ahmad/Nexus-AI-Workspace/backend/dist/api/test.js
- /home/muhammad-ahmad/Nexus-AI-Workspace/backend/dist/index.js
    at Module._resolveFilename (node:internal/modules/cjs/loader:1134:15)
    at Module._load (node:internal/modules/cjs/loader:975:27)
    at Module.require (node:internal/modules/cjs/loader:1225:19)
    at require (node:internal/modules/helpers:177:18)
    at Object.<anonymous> (/home/muhammad-ahmad/Nexus-AI-Workspace/backend/dist/api/test.js:6:26)
    at Module._compile (node:internal/modules/cjs/loader:1356:14)
    at Module._extensions..js (node:internal/modules/cjs/loader:1414:10)
    at Module.load (node:internal/modules/cjs/loader:1197:32)
    at Module._load (node:internal/modules/cjs/loader:1013:12)
    at Module.require (node:internal/modules/cjs/loader:1225:19) {
  code: 'MODULE_NOT_FOUND',
  requireStack: [
    '/home/muhammad-ahmad/Nexus-AI-Workspace/backend/dist/api/test.js',
    '/home/muhammad-ahmad/Nexus-AI-Workspace/backend/dist/index.js'
  ]
}

Node.js v18.19.1
Application exited with error code 1
node:internal/modules/cjs/loader:1137
  throw err;
  ^

Error: Cannot find module '@/controllers/testController'
Require stack:
- /home/muhammad-ahmad/Nexus-AI-Workspace/backend/dist/api/test.js
- /home/muhammad-ahmad/Nexus-AI-Workspace/backend/dist/index.js
    at Module._resolveFilename (node:internal/modules/cjs/loader:1134:15)
    at Module._load (node:internal/modules/cjs/loader:975:27)
    at Module.require (node:internal/modules/cjs/loader:1225:19)
    at require (node:internal/modules/helpers:177:18)
    at Object.<anonymous> (/home/muhammad-ahmad/Nexus-AI-Workspace/backend/dist/api/test.js:6:26)
    at Module._compile (node:internal/modules/cjs/loader:1356:14)
    at Module._extensions..js (node:internal/modules/cjs/loader:1414:10)
    at Module.load (node:internal/modules/cjs/loader:1197:32)
    at Module._load (node:internal/modules/cjs/loader:1013:12)
    at Module.require (node:internal/modules/cjs/loader:1225:19) {
  code: 'MODULE_NOT_FOUND',
  requireStack: [
    '/home/muhammad-ahmad/Nexus-AI-Workspace/backend/dist/api/test.js',
    '/home/muhammad-ahmad/Nexus-AI-Workspace/backend/dist/index.js'
  ]
}

Node.js v18.19.1
Application exited with error code 1
node:internal/modules/cjs/loader:1137
  throw err;
  ^

Error: Cannot find module '@/controllers/testController'
Require stack:
- /home/muhammad-ahmad/Nexus-AI-Workspace/backend/dist/api/test.js
- /home/muhammad-ahmad/Nexus-AI-Workspace/backend/dist/index.js
    at Module._resolveFilename (node:internal/modules/cjs/loader:1134:15)
    at Module._load (node:internal/modules/cjs/loader:975:27)
    at Module.require (node:internal/modules/cjs/loader:1225:19)
    at require (node:internal/modules/helpers:177:18)
    at Object.<anonymous> (/home/muhammad-ahmad/Nexus-AI-Workspace/backend/dist/api/test.js:6:26)
    at Module._compile (node:internal/modules/cjs/loader:1356:14)
    at Module._extensions..js (node:internal/modules/cjs/loader:1414:10)
    at Module.load (node:internal/modules/cjs/loader:1197:32)
    at Module._load (node:internal/modules/cjs/loader:1013:12)
    at Module.require (node:internal/modules/cjs/loader:1225:19) {
  code: 'MODULE_NOT_FOUND',
  requireStack: [
    '/home/muhammad-ahmad/Nexus-AI-Workspace/backend/dist/api/test.js',
    '/home/muhammad-ahmad/Nexus-AI-Workspace/backend/dist/index.js'
  ]
}

Node.js v18.19.1
Application exited with error code 1
node:internal/modules/cjs/loader:1137
  throw err;
  ^

Error: Cannot find module '@/controllers/testController'
Require stack:
- /home/muhammad-ahmad/Nexus-AI-Workspace/backend/dist/api/test.js
- /home/muhammad-ahmad/Nexus-AI-Workspace/backend/dist/index.js
    at Module._resolveFilename (node:internal/modules/cjs/loader:1134:15)
    at Module._load (node:internal/modules/cjs/loader:975:27)
    at Module.require (node:internal/modules/cjs/loader:1225:19)
    at require (node:internal/modules/helpers:177:18)
    at Object.<anonymous> (/home/muhammad-ahmad/Nexus-AI-Workspace/backend/dist/api/test.js:6:26)
    at Module._compile (node:internal/modules/cjs/loader:1356:14)
    at Module._extensions..js (node:internal/modules/cjs/loader:1414:10)
    at Module.load (node:internal/modules/cjs/loader:1197:32)
    at Module._load (node:internal/modules/cjs/loader:1013:12)
    at Module.require (node:internal/modules/cjs/loader:1225:19) {
  code: 'MODULE_NOT_FOUND',
  requireStack: [
    '/home/muhammad-ahmad/Nexus-AI-Workspace/backend/dist/api/test.js',
    '/home/muhammad-ahmad/Nexus-AI-Workspace/backend/dist/index.js'
  ]
}

Node.js v18.19.1
Application exited with error code 1
node:internal/modules/cjs/loader:1137
  throw err;
  ^

Error: Cannot find module '@/controllers/testController'
Require stack:
- /home/muhammad-ahmad/Nexus-AI-Workspace/backend/dist/api/test.js
- /home/muhammad-ahmad/Nexus-AI-Workspace/backend/dist/index.js
    at Module._resolveFilename (node:internal/modules/cjs/loader:1134:15)
    at Module._load (node:internal/modules/cjs/loader:975:27)
    at Module.require (node:internal/modules/cjs/loader:1225:19)
    at require (node:internal/modules/helpers:177:18)
    at Object.<anonymous> (/home/muhammad-ahmad/Nexus-AI-Workspace/backend/dist/api/test.js:6:26)
    at Module._compile (node:internal/modules/cjs/loader:1356:14)
    at Module._extensions..js (node:internal/modules/cjs/loader:1414:10)
    at Module.load (node:internal/modules/cjs/loader:1197:32)
    at Module._load (node:internal/modules/cjs/loader:1013:12)
    at Module.require (node:internal/modules/cjs/loader:1225:19) {
  code: 'MODULE_NOT_FOUND',
  requireStack: [
    '/home/muhammad-ahmad/Nexus-AI-Workspace/backend/dist/api/test.js',
    '/home/muhammad-ahmad/Nexus-AI-Workspace/backend/dist/index.js'
  ]
}

Node.js v18.19.1
Application exited with error code 1
node:internal/modules/cjs/loader:1137
  throw err;
  ^

Error: Cannot find module '@/controllers/testController'
Require stack:
- /home/muhammad-ahmad/Nexus-AI-Workspace/backend/dist/api/test.js
- /home/muhammad-ahmad/Nexus-AI-Workspace/backend/dist/index.js
    at Module._resolveFilename (node:internal/modules/cjs/loader:1134:15)
    at Module._load (node:internal/modules/cjs/loader:975:27)
    at Module.require (node:internal/modules/cjs/loader:1225:19)
    at require (node:internal/modules/helpers:177:18)
    at Object.<anonymous> (/home/muhammad-ahmad/Nexus-AI-Workspace/backend/dist/api/test.js:6:26)
    at Module._compile (node:internal/modules/cjs/loader:1356:14)
    at Module._extensions..js (node:internal/modules/cjs/loader:1414:10)
    at Module.load (node:internal/modules/cjs/loader:1197:32)
    at Module._load (node:internal/modules/cjs/loader:1013:12)
    at Module.require (node:internal/modules/cjs/loader:1225:19) {
  code: 'MODULE_NOT_FOUND',
  requireStack: [
    '/home/muhammad-ahmad/Nexus-AI-Workspace/backend/dist/api/test.js',
    '/home/muhammad-ahmad/Nexus-AI-Workspace/backend/dist/index.js'
  ]
}

Node.js v18.19.1
Application exited with error code 1
node:internal/modules/cjs/loader:1137
  throw err;
  ^

Error: Cannot find module '@/controllers/testController'
Require stack:
- /home/muhammad-ahmad/Nexus-AI-Workspace/backend/dist/api/test.js
- /home/muhammad-ahmad/Nexus-AI-Workspace/backend/dist/index.js
    at Module._resolveFilename (node:internal/modules/cjs/loader:1134:15)
    at Module._load (node:internal/modules/cjs/loader:975:27)
    at Module.require (node:internal/modules/cjs/loader:1225:19)
    at require (node:internal/modules/helpers:177:18)
    at Object.<anonymous> (/home/muhammad-ahmad/Nexus-AI-Workspace/backend/dist/api/test.js:6:26)
    at Module._compile (node:internal/modules/cjs/loader:1356:14)
    at Module._extensions..js (node:internal/modules/cjs/loader:1414:10)
    at Module.load (node:internal/modules/cjs/loader:1197:32)
    at Module._load (node:internal/modules/cjs/loader:1013:12)
    at Module.require (node:internal/modules/cjs/loader:1225:19) {
  code: 'MODULE_NOT_FOUND',
  requireStack: [
    '/home/muhammad-ahmad/Nexus-AI-Workspace/backend/dist/api/test.js',
    '/home/muhammad-ahmad/Nexus-AI-Workspace/backend/dist/index.js'
  ]
}

Node.js v18.19.1
Application exited with error code 1
node:internal/modules/cjs/loader:1137
  throw err;
  ^

Error: Cannot find module '@/controllers/testController'
Require stack:
- /home/muhammad-ahmad/Nexus-AI-Workspace/backend/dist/api/test.js
- /home/muhammad-ahmad/Nexus-AI-Workspace/backend/dist/index.js
    at Module._resolveFilename (node:internal/modules/cjs/loader:1134:15)
    at Module._load (node:internal/modules/cjs/loader:975:27)
    at Module.require (node:internal/modules/cjs/loader:1225:19)
    at require (node:internal/modules/helpers:177:18)
    at Object.<anonymous> (/home/muhammad-ahmad/Nexus-AI-Workspace/backend/dist/api/test.js:6:26)
    at Module._compile (node:internal/modules/cjs/loader:1356:14)
    at Module._extensions..js (node:internal/modules/cjs/loader:1414:10)
    at Module.load (node:internal/modules/cjs/loader:1197:32)
    at Module._load (node:internal/modules/cjs/loader:1013:12)
    at Module.require (node:internal/modules/cjs/loader:1225:19) {
  code: 'MODULE_NOT_FOUND',
  requireStack: [
    '/home/muhammad-ahmad/Nexus-AI-Workspace/backend/dist/api/test.js',
    '/home/muhammad-ahmad/Nexus-AI-Workspace/backend/dist/index.js'
  ]
}

Node.js v18.19.1
Application exited with error code 1
node:internal/modules/cjs/loader:1137
  throw err;
  ^

Error: Cannot find module '@/controllers/testController'
Require stack:
- /home/muhammad-ahmad/Nexus-AI-Workspace/backend/dist/api/test.js
- /home/muhammad-ahmad/Nexus-AI-Workspace/backend/dist/index.js
    at Module._resolveFilename (node:internal/modules/cjs/loader:1134:15)
    at Module._load (node:internal/modules/cjs/loader:975:27)
    at Module.require (node:internal/modules/cjs/loader:1225:19)
    at require (node:internal/modules/helpers:177:18)
    at Object.<anonymous> (/home/muhammad-ahmad/Nexus-AI-Workspace/backend/dist/api/test.js:6:26)
    at Module._compile (node:internal/modules/cjs/loader:1356:14)
    at Module._extensions..js (node:internal/modules/cjs/loader:1414:10)
    at Module.load (node:internal/modules/cjs/loader:1197:32)
    at Module._load (node:internal/modules/cjs/loader:1013:12)
    at Module.require (node:internal/modules/cjs/loader:1225:19) {
  code: 'MODULE_NOT_FOUND',
  requireStack: [
    '/home/muhammad-ahmad/Nexus-AI-Workspace/backend/dist/api/test.js',
    '/home/muhammad-ahmad/Nexus-AI-Workspace/backend/dist/index.js'
  ]
}

Node.js v18.19.1
Application exited with error code 1
node:internal/modules/cjs/loader:1137
  throw err;
  ^

Error: Cannot find module '@/controllers/testController'
Require stack:
- /home/muhammad-ahmad/Nexus-AI-Workspace/backend/dist/api/test.js
- /home/muhammad-ahmad/Nexus-AI-Workspace/backend/dist/index.js
    at Module._resolveFilename (node:internal/modules/cjs/loader:1134:15)
    at Module._load (node:internal/modules/cjs/loader:975:27)
    at Module.require (node:internal/modules/cjs/loader:1225:19)
    at require (node:internal/modules/helpers:177:18)
    at Object.<anonymous> (/home/muhammad-ahmad/Nexus-AI-Workspace/backend/dist/api/test.js:6:26)
    at Module._compile (node:internal/modules/cjs/loader:1356:14)
    at Module._extensions..js (node:internal/modules/cjs/loader:1414:10)
    at Module.load (node:internal/modules/cjs/loader:1197:32)
    at Module._load (node:internal/modules/cjs/loader:1013:12)
    at Module.require (node:internal/modules/cjs/loader:1225:19) {
  code: 'MODULE_NOT_FOUND',
  requireStack: [
    '/home/muhammad-ahmad/Nexus-AI-Workspace/backend/dist/api/test.js',
    '/home/muhammad-ahmad/Nexus-AI-Workspace/backend/dist/index.js'
  ]
}

Node.js v18.19.1
Application exited with error code 1
node:internal/modules/cjs/loader:1137
  throw err;
  ^

Error: Cannot find module '@/controllers/testController'
Require stack:
- /home/muhammad-ahmad/Nexus-AI-Workspace/backend/dist/api/test.js
- /home/muhammad-ahmad/Nexus-AI-Workspace/backend/dist/index.js
    at Module._resolveFilename (node:internal/modules/cjs/loader:1134:15)
    at Module._load (node:internal/modules/cjs/loader:975:27)
    at Module.require (node:internal/modules/cjs/loader:1225:19)
    at require (node:internal/modules/helpers:177:18)
    at Object.<anonymous> (/home/muhammad-ahmad/Nexus-AI-Workspace/backend/dist/api/test.js:6:26)
    at Module._compile (node:internal/modules/cjs/loader:1356:14)
    at Module._extensions..js (node:internal/modules/cjs/loader:1414:10)
    at Module.load (node:internal/modules/cjs/loader:1197:32)
    at Module._load (node:internal/modules/cjs/loader:1013:12)
    at Module.require (node:internal/modules/cjs/loader:1225:19) {
  code: 'MODULE_NOT_FOUND',
  requireStack: [
    '/home/muhammad-ahmad/Nexus-AI-Workspace/backend/dist/api/test.js',
    '/home/muhammad-ahmad/Nexus-AI-Workspace/backend/dist/index.js'
  ]
}

Node.js v18.19.1
Application exited with error code 1
node:internal/modules/cjs/loader:1137
  throw err;
  ^

Error: Cannot find module '@/controllers/testController'
Require stack:
- /home/muhammad-ahmad/Nexus-AI-Workspace/backend/dist/api/test.js
- /home/muhammad-ahmad/Nexus-AI-Workspace/backend/dist/index.js
    at Module._resolveFilename (node:internal/modules/cjs/loader:1134:15)
    at Module._load (node:internal/modules/cjs/loader:975:27)
    at Module.require (node:internal/modules/cjs/loader:1225:19)
    at require (node:internal/modules/helpers:177:18)
    at Object.<anonymous> (/home/muhammad-ahmad/Nexus-AI-Workspace/backend/dist/api/test.js:6:26)
    at Module._compile (node:internal/modules/cjs/loader:1356:14)
    at Module._extensions..js (node:internal/modules/cjs/loader:1414:10)
    at Module.load (node:internal/modules/cjs/loader:1197:32)
    at Module._load (node:internal/modules/cjs/loader:1013:12)
    at Module.require (node:internal/modules/cjs/loader:1225:19) {
  code: 'MODULE_NOT_FOUND',
  requireStack: [
    '/home/muhammad-ahmad/Nexus-AI-Workspace/backend/dist/api/test.js',
    '/home/muhammad-ahmad/Nexus-AI-Workspace/backend/dist/index.js'
  ]
}

Node.js v18.19.1
Application exited with error code 1
node:internal/modules/cjs/loader:1137
  throw err;
  ^

Error: Cannot find module '@/controllers/testController'
Require stack:
- /home/muhammad-ahmad/Nexus-AI-Workspace/backend/dist/api/test.js
- /home/muhammad-ahmad/Nexus-AI-Workspace/backend/dist/index.js
    at Module._resolveFilename (node:internal/modules/cjs/loader:1134:15)
    at Module._load (node:internal/modules/cjs/loader:975:27)
    at Module.require (node:internal/modules/cjs/loader:1225:19)
    at require (node:internal/modules/helpers:177:18)
    at Object.<anonymous> (/home/muhammad-ahmad/Nexus-AI-Workspace/backend/dist/api/test.js:6:26)
    at Module._compile (node:internal/modules/cjs/loader:1356:14)
    at Module._extensions..js (node:internal/modules/cjs/loader:1414:10)
    at Module.load (node:internal/modules/cjs/loader:1197:32)
    at Module._load (node:internal/modules/cjs/loader:1013:12)
    at Module.require (node:internal/modules/cjs/loader:1225:19) {
  code: 'MODULE_NOT_FOUND',
  requireStack: [
    '/home/muhammad-ahmad/Nexus-AI-Workspace/backend/dist/api/test.js',
    '/home/muhammad-ahmad/Nexus-AI-Workspace/backend/dist/index.js'
  ]
}

Node.js v18.19.1
Application exited with error code 1
